--------------------------------------------------------------------------------
      name:  <unnamed>
       log:  /Users/samharper/Dropbox/-today/replication/workshop/project/data c
> lean/1-choc-data-clean.txt
  log type:  text
 opened on:  26 Jun 2018, 12:21:35

. 
. //  program:  1-choc-data-clean.do
. //  task:     cleaning chocolate data
. //      input:    choc-data-raw.csv
. //      output:   choc-data-clean.dta
. //  project:  graduate student chocolate intervention study
. //  author:   sam harper \ 26jun2018
. 
. //  #0
. //  program setup
. 
. version 14

. set linesize 80

. clear all

. macro drop _all

. 
. * local tag for notes
. local tag "1-choc-data-clean.do sh 26jun2018"

. 
. // #1
. // read in raw data
. 
. import delimited "../data clean/data-raw.csv", clear
file ../data clean/data-raw.csv not found
r(601);

end of do-file

r(601);

. cd "/Users/samharper/Dropbox/-today/replication/workshop/project"
/Users/samharper/Dropbox/-today/replication/workshop/project

. cd "/Users/samharper/Dropbox/-today/replication/workshop/project/code"
/Users/samharper/Dropbox/-today/replication/workshop/project/code

. do "/var/folders/v9/q_gc75fs64jf9bgm1pm9bn880000gn/T//SD50152.000000"

. capture log close
